// Jest Snapshot v1, https://goo.gl/fbAQLP

exports[`internal/dump.ts sample-project contract with storage and interface 1`] = `
{
  "contracts/storage/GlobalStorage.sol:GlobalStorage": {
    "kind": "contract",
    "name": "GlobalStorage",
    "structs": {
      "GlobalStore": [
        {
          "name": "value",
          "offset": 0,
          "size": 32,
          "slot": "0",
          "type": "uint256",
        },
        {
          "name": "someValue",
          "offset": 0,
          "size": 32,
          "slot": "1",
          "type": "uint256",
        },
      ],
    },
  },
}
`;

exports[`internal/dump.ts single contract with state variables, contracts and structs 1`] = `
{
  "ExampleContract.sol:ExampleContract": {
    "kind": "contract",
    "name": "ExampleContract",
    "structs": {
      "Data": [
        {
          "name": "owner",
          "offset": 0,
          "size": 20,
          "slot": "0",
          "type": "address",
        },
        {
          "name": "anotherOwner",
          "offset": 0,
          "size": 20,
          "slot": "1",
          "type": "address",
        },
        {
          "name": "sharingSlot1",
          "offset": 0,
          "size": 16,
          "slot": "2",
          "type": "uint128",
        },
        {
          "name": "sharingSlot2",
          "offset": 16,
          "size": 16,
          "slot": "2",
          "type": "uint128",
        },
        {
          "members": [
            "ONE",
            "TWO",
            "THREE",
            "FOUR",
            "FIVE",
          ],
          "name": "enumExample",
          "offset": 0,
          "size": 1,
          "slot": "3",
          "type": "enum",
        },
        {
          "name": "afterEnumValue",
          "offset": 1,
          "size": 1,
          "slot": "3",
          "type": "uint8",
        },
        {
          "key": {
            "type": "address",
          },
          "name": "simpleMapping",
          "offset": 0,
          "size": 32,
          "slot": "4",
          "type": "mapping",
          "value": {
            "type": "uint128",
          },
        },
        {
          "name": "afterMappingSlot",
          "offset": 0,
          "size": 1,
          "slot": "5",
          "type": "uint8",
        },
        {
          "name": "dynamicArray",
          "offset": 0,
          "size": 32,
          "slot": "6",
          "type": "array",
          "value": {
            "type": "address",
          },
        },
        {
          "length": 3,
          "name": "staticArray",
          "offset": 0,
          "size": 32,
          "slot": "7",
          "type": "array",
          "value": {
            "type": "uint32",
          },
        },
        {
          "name": "unsignedInt",
          "offset": 0,
          "size": 1,
          "slot": "8",
          "type": "uint8",
        },
        {
          "name": "unsignedInt256",
          "offset": 0,
          "size": 32,
          "slot": "9",
          "type": "uint256",
        },
        {
          "name": "unsignedInt8",
          "offset": 0,
          "size": 1,
          "slot": "10",
          "type": "uint8",
        },
        {
          "members": [
            {
              "name": "someString",
              "type": "string",
            },
            {
              "name": "someValue",
              "type": "uint256",
            },
          ],
          "name": "bigStruct",
          "offset": 0,
          "size": 64,
          "slot": "11",
          "type": "struct",
        },
        {
          "name": "signedInt256",
          "offset": 0,
          "size": 32,
          "slot": "13",
          "type": "int256",
        },
        {
          "key": {
            "type": "address",
          },
          "name": "mappingWithNestedStruct",
          "offset": 0,
          "size": 32,
          "slot": "14",
          "type": "mapping",
          "value": {
            "members": [
              {
                "name": "someString",
                "type": "string",
              },
              {
                "name": "someValue",
                "type": "uint256",
              },
            ],
            "type": "struct",
          },
        },
        {
          "name": "someStringValue",
          "offset": 0,
          "size": 32,
          "slot": "15",
          "type": "string",
        },
        {
          "members": [
            {
              "name": "size1",
              "type": "uint8",
            },
            {
              "name": "size2",
              "type": "uint16",
            },
            {
              "name": "size4",
              "type": "uint32",
            },
            {
              "name": "size8",
              "type": "uint64",
            },
          ],
          "name": "simpleStruct",
          "offset": 0,
          "size": 32,
          "slot": "16",
          "type": "struct",
        },
        {
          "name": "afterStructStartsNewSlot",
          "offset": 0,
          "size": 1,
          "slot": "17",
          "type": "uint8",
        },
      ],
      "SimpleStruct": [
        {
          "name": "size1",
          "offset": 0,
          "size": 1,
          "slot": "0",
          "type": "uint8",
        },
        {
          "name": "size2",
          "offset": 1,
          "size": 2,
          "slot": "0",
          "type": "uint16",
        },
        {
          "name": "size4",
          "offset": 3,
          "size": 4,
          "slot": "0",
          "type": "uint32",
        },
        {
          "name": "size8",
          "offset": 7,
          "size": 8,
          "slot": "0",
          "type": "uint64",
        },
      ],
      "SomeStruct": [
        {
          "name": "field2",
          "offset": 0,
          "size": 32,
          "slot": "0",
          "type": "uint256",
        },
        {
          "name": "field1",
          "offset": 0,
          "size": 20,
          "slot": "1",
          "type": "address",
        },
      ],
      "SubData": [
        {
          "name": "someString",
          "offset": 0,
          "size": 32,
          "slot": "0",
          "type": "string",
        },
        {
          "name": "someValue",
          "offset": 0,
          "size": 32,
          "slot": "1",
          "type": "uint256",
        },
      ],
    },
  },
}
`;
